// Jest Snapshot v1, https://goo.gl/fbAQLP

exports[`#TableItem renders component -> withImage 1`] = `
<TableItem
  image="1.png"
  name="pikachu"
>
  <Col
    className="my-3"
    md="3"
    sm="4"
    tag="div"
    widths={
      Array [
        "xs",
        "sm",
        "md",
        "lg",
        "xl",
      ]
    }
    xs="6"
  >
    <div
      className="my-3 col-6 col-sm-4 col-md-3"
    >
      <Card
        tag="div"
      >
        <div
          className="card"
        >
          <Link
            replace={false}
            to="/pikachu"
          >
            <a
              href="/pikachu"
              onClick={[Function]}
            >
              <CardImg
                alt="pokemon"
                src="1.png"
                tag="img"
                top={true}
                width="100%"
              >
                <img
                  alt="pokemon"
                  className="card-img-top"
                  src="1.png"
                  width="100%"
                />
              </CardImg>
            </a>
          </Link>
          <CardTitle
            className="text-center"
            tag="h5"
          >
            <h5
              className="text-center card-title"
            >
              <Link
                replace={false}
                to="/pikachu"
              >
                <a
                  href="/pikachu"
                  onClick={[Function]}
                >
                  pikachu
                </a>
              </Link>
            </h5>
          </CardTitle>
        </div>
      </Card>
    </div>
  </Col>
</TableItem>
`;
